
Discarded input sections

 .comment       0x0000000000000000       0x1d cb.o
 .note.GNU-stack
                0x0000000000000000        0x0 cb.o

Memory Configuration

Name             Origin             Length             Attributes
*default*        0x0000000000000000 0xffffffffffffffff

Linker script and memory map

                0x0000000000000100                . = 0x100

.text           0x0000000000000100      0x104
                0x0000000000000100                _text = .
 *(.text)
 .text          0x0000000000000100       0xa3 c_init.o
                0x0000000000000103                _start
 *fill*         0x00000000000001a3        0x1 00
 .text          0x00000000000001a4       0x60 cb.o
                0x00000000000001a4                c_main
                0x00000000000001d4                func
                0x0000000000000204                _text_end = .

.eh_frame       0x0000000000000204       0x58
 .eh_frame      0x0000000000000204       0x58 cb.o

.data           0x000000000000025c       0x20
                0x000000000000025c                _data = .
 *(.bss)
 .bss           0x000000000000025c        0x0 c_init.o
 .bss           0x000000000000025c        0x0 cb.o
 *(.bss*)
 *(.data)
 .data          0x000000000000025c       0x1f c_init.o
 *fill*         0x000000000000027b        0x1 00
 .data          0x000000000000027c        0x0 cb.o
 *(.rodata*)
 *(COMMON)
                0x000000000000027c                _data_end = .

.bss            0x000000000000027c        0x0
                0x000000000000027c                __bss_start__ = .
 *(COMMON)
 *(.bss)
                0x000000000000027c                __bss_end__ = .

.sig            0x000000000000027c        0x2 load address 0x0000000000007dfe
                0x000000000000027c        0x2 SHORT 0xaa55

/DISCARD/
 *(.note*)
 *(.iplt*)
 *(.igot*)
 *(.rel*)
 *(.comment)
LOAD c_init.o
LOAD cb.o
OUTPUT(cb.elf elf32-i386)

.debug_line     0x0000000000000000       0xb9
 .debug_line    0x0000000000000000       0x7d c_init.o
 .debug_line    0x000000000000007d       0x3c cb.o

.debug_info     0x0000000000000000       0xe7
 .debug_info    0x0000000000000000       0x51 c_init.o
 .debug_info    0x0000000000000051       0x96 cb.o

.debug_abbrev   0x0000000000000000       0x8f
 .debug_abbrev  0x0000000000000000       0x14 c_init.o
 .debug_abbrev  0x0000000000000014       0x7b cb.o

.debug_aranges  0x0000000000000000       0x40
 .debug_aranges
                0x0000000000000000       0x20 c_init.o
 .debug_aranges
                0x0000000000000020       0x20 cb.o

.debug_loc      0x0000000000000000       0x70
 .debug_loc     0x0000000000000000       0x70 cb.o

.debug_str      0x0000000000000000       0x44
 .debug_str     0x0000000000000000       0x44 cb.o
